// Jest Snapshot v1, https://goo.gl/fbAQLP

exports[`Asm .code() code templates work 1`] = `
Array [
  72,
  101,
  108,
  108,
  111,
  32,
  119,
  111,
  114,
  108,
  100,
  33,
  10,
  72,
  199,
  192,
  1,
  0,
  0,
  0,
  72,
  199,
  199,
  1,
  0,
  0,
  0,
  72,
  141,
  53,
  222,
  255,
  255,
  255,
  72,
  199,
  194,
  13,
  0,
  0,
  0,
  15,
  5,
  195,
]
`;
